5 827 27 4 /pnfs/sbn/data_add/sbn_nd/poms_production/mc/MCP2025C_FallProduction/v10_14_02/prodgenie_corsika_proton_rockbox0p1_sbnd/CV/reco1/4d/gen_g4_detsim_reco1-4dd13423-a53d-91fb-81f4-2fce14e595e6.root
9 36 77 17 /pnfs/sbn/data_add/sbn_nd/poms_production/mc/MCP2025C_FallProduction/v10_14_02/prodgenie_corsika_proton_rockbox0p1_sbnd/CV/reco1/af/gen_g4_detsim_reco1-af503e5a-67df-4a0c-6453-18ae1336a448.root
11 966 2 22 /pnfs/sbn/data_add/sbn_nd/poms_production/mc/MCP2025C_FallProduction/v10_14_02/prodgenie_corsika_proton_rockbox0p1_sbnd/CV/reco1/b4/gen_g4_detsim_reco1-b48828c1-ab3e-ef86-9887-6918fefd1076.root
15 304 6 28 /pnfs/sbn/data_add/sbn_nd/poms_production/mc/MCP2025C_FallProduction/v10_14_02/prodgenie_corsika_proton_rockbox0p1_sbnd/CV/reco1/56/gen_g4_detsim_reco1-56034257-5c87-92e4-88bf-fe9315bc3688.root
17 707 18 12 /pnfs/sbn/data_add/sbn_nd/poms_production/mc/MCP2025C_FallProduction/v10_14_02/prodgenie_corsika_proton_rockbox0p1_sbnd/CV/reco1/5a/gen_g4_detsim_reco1-5a14c050-f46a-8fdd-36cc-e07524f32663.root
18 146 60 31 /pnfs/sbn/data_add/sbn_nd/poms_production/mc/MCP2025C_FallProduction/v10_14_02/prodgenie_corsika_proton_rockbox0p1_sbnd/CV/reco1/73/gen_g4_detsim_reco1-731f7f73-052d-c1fc-3347-7098a596548c.root
19 921 29 10 /pnfs/sbn/data_add/sbn_nd/poms_production/mc/MCP2025C_FallProduction/v10_14_02/prodgenie_corsika_proton_rockbox0p1_sbnd/CV/reco1/c9/gen_g4_detsim_reco1-c99e7de9-e8e6-5d97-05c2-80e6ae21b690.root
24 658 38 25 /pnfs/sbn/data_add/sbn_nd/poms_production/mc/MCP2025C_FallProduction/v10_14_02/prodgenie_corsika_proton_rockbox0p1_sbnd/CV/reco1/fa/gen_g4_detsim_reco1-fa0146b7-8b17-c4c1-f728-cd896ec91242.root
