/pnfs/sbn/data_add/sbn_nd/poms_production/data/SBND2026A/v10_14_02_02/gen2_InTime-Run1/reco1/offbeamlight/28/data_filtered_decoded_reco1-28cccbb9-6bb3-00eb-4e5a-027133eefe10.root
/pnfs/sbn/data_add/sbn_nd/poms_production/data/SBND2026A/v10_14_02_02/gen2_InTime-Run1/reco1/offbeamlight/56/data_filtered_decoded_reco1-56c12734-7335-3637-286e-321363deed95.root
/pnfs/sbn/data_add/sbn_nd/poms_production/data/SBND2026A/v10_14_02_02/gen2_InTime-Run1/reco1/offbeamlight/1a/data_filtered_decoded_reco1-1a87e13c-7212-9e73-f276-525acf1fd076.root
/pnfs/sbn/data_add/sbn_nd/poms_production/data/SBND2026A/v10_14_02_02/gen2_InTime-Run1/reco1/offbeamlight/38/data_filtered_decoded_reco1-383eb68d-6f9d-375b-76db-f79cf0fbe1b7.root
/pnfs/sbn/data_add/sbn_nd/poms_production/data/SBND2026A/v10_14_02_02/gen2_InTime-Run1/reco1/offbeamlight/e7/data_filtered_decoded_reco1-e7ecc709-ec78-df56-e679-b08f26203240.root
/pnfs/sbn/data_add/sbn_nd/poms_production/data/SBND2026A/v10_14_02_02/gen2_InTime-Run1/reco1/offbeamlight/7c/data_filtered_decoded_reco1-7cf291f8-a55c-139c-8b0e-f611aa8d9bc1.root
/pnfs/sbn/data_add/sbn_nd/poms_production/data/SBND2026A/v10_14_02_02/gen2_InTime-Run1/reco1/offbeamlight/f4/data_filtered_decoded_reco1-f4feb652-e833-e91c-9fa4-884f0a3078a8.root
/pnfs/sbn/data_add/sbn_nd/poms_production/data/SBND2026A/v10_14_02_02/gen2_InTime-Run1/reco1/offbeamlight/75/data_filtered_decoded_reco1-75ce75d7-0da0-0115-b73c-3beee48f2732.root
/pnfs/sbn/data_add/sbn_nd/poms_production/data/SBND2026A/v10_14_02_02/gen2_InTime-Run1/reco1/offbeamlight/c2/data_filtered_decoded_reco1-c21a8d5b-5d5f-e2a5-452f-808277117dbd.root
/pnfs/sbn/data_add/sbn_nd/poms_production/data/SBND2026A/v10_14_02_02/gen2_InTime-Run1/reco1/offbeamlight/56/data_filtered_decoded_reco1-56fc4e62-ef7b-c641-24d6-f0147f40b88d.root
/pnfs/sbn/data_add/sbn_nd/poms_production/data/SBND2026A/v10_14_02_02/gen2_InTime-Run1/reco1/offbeamlight/05/data_filtered_decoded_reco1-05134881-502b-8e22-d5d4-a198f1d39e50.root
/pnfs/sbn/data_add/sbn_nd/poms_production/data/SBND2026A/v10_14_02_02/gen2_InTime-Run1/reco1/offbeamlight/1f/data_filtered_decoded_reco1-1f498c94-78f9-6ee9-169c-1196e492a7fd.root
/pnfs/sbn/data_add/sbn_nd/poms_production/data/SBND2026A/v10_14_02_02/gen2_InTime-Run1/reco1/offbeamlight/3c/data_filtered_decoded_reco1-3c14edbc-6c51-2113-3ce1-ae3a49485349.root
/pnfs/sbn/data_add/sbn_nd/poms_production/data/SBND2026A/v10_14_02_02/gen2_InTime-Run1/reco1/offbeamlight/40/data_filtered_decoded_reco1-4066e74d-f702-5c31-c9ff-a371ba1984b4.root
/pnfs/sbn/data_add/sbn_nd/poms_production/data/SBND2026A/v10_14_02_02/gen2_InTime-Run1/reco1/offbeamlight/f5/data_filtered_decoded_reco1-f53f69f8-3cd1-59e5-3862-236f6058063b.root
/pnfs/sbn/data_add/sbn_nd/poms_production/data/SBND2026A/v10_14_02_02/gen2_InTime-Run1/reco1/offbeamlight/2c/data_filtered_decoded_reco1-2ca5bb72-579f-1458-2cfa-7b146d50331e.root
/pnfs/sbn/data_add/sbn_nd/poms_production/data/SBND2026A/v10_14_02_02/gen2_InTime-Run1/reco1/offbeamlight/87/data_filtered_decoded_reco1-8784c74c-16ac-24b0-599d-515351e6e919.root
/pnfs/sbn/data_add/sbn_nd/poms_production/data/SBND2026A/v10_14_02_02/gen2_InTime-Run1/reco1/offbeamlight/ed/data_filtered_decoded_reco1-ed403063-0088-c212-321a-cd02489a3b40.root
/pnfs/sbn/data_add/sbn_nd/poms_production/data/SBND2026A/v10_14_02_02/gen2_InTime-Run1/reco1/offbeamlight/d7/data_filtered_decoded_reco1-d72fe6b7-ae83-bbd2-2a25-4e2520d2baf8.root
/pnfs/sbn/data_add/sbn_nd/poms_production/data/SBND2026A/v10_14_02_02/gen2_InTime-Run1/reco1/offbeamlight/b8/data_filtered_decoded_reco1-b8aac43c-ce17-f48e-205a-e6ee88b124e8.root
/pnfs/sbn/data_add/sbn_nd/poms_production/data/SBND2026A/v10_14_02_02/gen2_InTime-Run1/reco1/offbeamlight/7c/data_filtered_decoded_reco1-7c95c3a0-5c49-a0da-3036-25efbdd379f5.root
/pnfs/sbn/data_add/sbn_nd/poms_production/data/SBND2026A/v10_14_02_02/gen2_InTime-Run1/reco1/offbeamlight/b1/data_filtered_decoded_reco1-b1179873-4225-f688-c8e2-3722f8bd784b.root
/pnfs/sbn/data_add/sbn_nd/poms_production/data/SBND2026A/v10_14_02_02/gen2_InTime-Run1/reco1/offbeamlight/1f/data_filtered_decoded_reco1-1f61c3c5-7cf5-3a8f-0f4b-82528be16d21.root
/pnfs/sbn/data_add/sbn_nd/poms_production/data/SBND2026A/v10_14_02_02/gen2_InTime-Run1/reco1/offbeamlight/fe/data_filtered_decoded_reco1-fe2044fb-42a3-1b87-4a38-0b638e9be5f7.root
/pnfs/sbn/data_add/sbn_nd/poms_production/data/SBND2026A/v10_14_02_02/gen2_InTime-Run1/reco1/offbeamlight/a6/data_filtered_decoded_reco1-a669fd1a-2822-920a-75ee-77153bedb5bc.root
