/pnfs/sbn/data_add/sbn_nd/aurora/mc/v10_14_02_05/prodgenie_corsika_proton_rockbox0p1_sbnd/Gen2_Exclusive_2026/nuecc/reco1/000009/000094/reco1-detsim-g4-filter-gen-6017-9353-e3d4-a1c5_nuecc.root	UNAVAILABLE
/pnfs/sbn/data_add/sbn_nd/aurora/mc/v10_14_02_05/prodgenie_corsika_proton_rockbox0p1_sbnd/Gen2_Exclusive_2026/nuecc/reco1/000009/000094/reco1-detsim-g4-filter-gen-b817-45ef-f1d1-4692_nuecc.root	UNAVAILABLE
/pnfs/sbn/data_add/sbn_nd/aurora/mc/v10_14_02_05/prodgenie_corsika_proton_rockbox0p1_sbnd/Gen2_Exclusive_2026/nuecc/reco1/000009/000093/reco1-detsim-g4-filter-gen-e4cf-e0ba-620e-5c88_nuecc.root	UNAVAILABLE
/pnfs/sbn/data_add/sbn_nd/aurora/mc/v10_14_02_05/prodgenie_corsika_proton_rockbox0p1_sbnd/Gen2_Exclusive_2026/nuecc/reco1/000009/000097/reco1-detsim-g4-filter-gen-33f8-5eba-99b4-9237_nuecc.root	UNAVAILABLE
/pnfs/sbn/data_add/sbn_nd/aurora/mc/v10_14_02_05/prodgenie_corsika_proton_rockbox0p1_sbnd/Gen2_Exclusive_2026/nuecc/reco1/000009/000094/reco1-detsim-g4-filter-gen-c8e8-b8ba-cd7c-f7f5_nuecc.root	UNAVAILABLE
/pnfs/sbn/data_add/sbn_nd/aurora/mc/v10_14_02_05/prodgenie_corsika_proton_rockbox0p1_sbnd/Gen2_Exclusive_2026/nuecc/reco1/000009/000095/reco1-detsim-g4-filter-gen-8531-4289-4830-e9b1_nuecc.root	UNAVAILABLE
/pnfs/sbn/data_add/sbn_nd/aurora/mc/v10_14_02_05/prodgenie_corsika_proton_rockbox0p1_sbnd/Gen2_Exclusive_2026/nuecc/reco1/000009/000095/reco1-detsim-g4-filter-gen-ee0b-8db8-9a92-316b_nuecc.root	UNAVAILABLE
/pnfs/sbn/data_add/sbn_nd/aurora/mc/v10_14_02_05/prodgenie_corsika_proton_rockbox0p1_sbnd/Gen2_Exclusive_2026/nuecc/reco1/000009/000093/reco1-detsim-g4-filter-gen-9fc8-c09d-c5f9-670b_nuecc.root	UNAVAILABLE
/pnfs/sbn/data_add/sbn_nd/aurora/mc/v10_14_02_05/prodgenie_corsika_proton_rockbox0p1_sbnd/Gen2_Exclusive_2026/nuecc/reco1/000009/000093/reco1-detsim-g4-filter-gen-c183-18b0-d6db-b951_nuecc.root	UNAVAILABLE
/pnfs/sbn/data_add/sbn_nd/aurora/mc/v10_14_02_05/prodgenie_corsika_proton_rockbox0p1_sbnd/Gen2_Exclusive_2026/nuecc/reco1/000009/000092/reco1-detsim-g4-filter-gen-01d9-f0fb-a01e-aca4_nuecc.root	UNAVAILABLE
/pnfs/sbn/data_add/sbn_nd/aurora/mc/v10_14_02_05/prodgenie_corsika_proton_rockbox0p1_sbnd/Gen2_Exclusive_2026/nuecc/reco1/000009/000092/reco1-detsim-g4-filter-gen-33c3-4f53-bf2d-fa9c_nuecc.root	UNAVAILABLE
